{"timestamp":"2025-11-17T22:04:05.079184675Z","level":"INFO","message":"Logging initialized successfully","target":"ogonek_server::services::observability::tracing"}
{"timestamp":"2025-11-17T22:04:05.294070658Z","level":"INFO","message":"Database migrations completed successfully","target":"ogonek_db"}
{"timestamp":"2025-11-17T22:04:05.294098501Z","level":"INFO","message":"Seeding 597 timezones from IANA database...","target":"ogonek_db"}
{"timestamp":"2025-11-17T22:04:05.501557552Z","level":"INFO","message":"✅ Timezone seeding completed successfully!","target":"ogonek_db"}
{"timestamp":"2025-11-17T22:04:05.605721468Z","level":"INFO","message":"Successfully connected to S3 service","target":"ogonek_aws::s3"}
{"timestamp":"2025-11-17T22:04:05.642058302Z","level":"INFO","message":"Task cleanup daemon starting - interval: 24h, age: 90d","target":"ogonek_server::services::tools::daemons::task_cleanup"}
{"timestamp":"2025-11-17T22:04:05.642090381Z","level":"INFO","message":"Starting task cleanup job","target":"ogonek_server::services::tools::daemons::task_cleanup"}
{"timestamp":"2025-11-17T22:04:05.645495155Z","level":"INFO","message":"🚀 Server starting on http://0.0.0.0:3000","target":"ogonek_server::app::server"}
{"timestamp":"2025-11-17T22:04:06.911588741Z","level":"WARN","message":"slow statement: execution time exceeded alert threshold","summary":"SELECT id FROM tasks …","db.statement":"\n\n\n        SELECT id\n        FROM tasks\n        WHERE created_at < NOW() - INTERVAL '1 day' * $1\n        AND completed = true;\n        \n","rows_affected":0,"rows_returned":0,"elapsed":"1.269114253s","elapsed_secs":1.2691142530000001,"slow_threshold":"1s","target":"sqlx::query"}
{"timestamp":"2025-11-17T22:04:06.911673813Z","level":"INFO","message":"No old tasks to clean up","target":"ogonek_server::services::tools::daemons::task_cleanup"}
{"timestamp":"2025-11-17T22:04:56.993139017Z","level":"DEBUG","message":"started processing request","target":"tower_http::trace::on_request","span":{"method":"POST","request_id":"51f19584-d16d-4eda-91e8-0379da306645","uri":"/api/v1/auth/refresh","name":"http_request"}}
{"timestamp":"2025-11-17T22:04:57.04161071Z","level":"INFO","message":"request completed","status":"200 OK","latency_ms":"48","target":"ogonek_server::api::routes","span":{"method":"POST","request_id":"51f19584-d16d-4eda-91e8-0379da306645","uri":"/api/v1/auth/refresh","name":"http_request"}}
{"timestamp":"2025-11-17T22:04:57.067777371Z","level":"DEBUG","message":"started processing request","target":"tower_http::trace::on_request","span":{"method":"GET","request_id":"a082fa49-9eba-47a5-9786-686e56fd8e82","uri":"/api/v1/state/context","name":"http_request"}}
{"timestamp":"2025-11-17T22:04:57.07083408Z","level":"DEBUG","message":"started processing request","target":"tower_http::trace::on_request","span":{"method":"GET","request_id":"407c3880-6cd5-444f-b110-14618f0fa3cd","uri":"/api/v1/lessons","name":"http_request"}}
{"timestamp":"2025-11-17T22:04:57.132661777Z","level":"INFO","message":"request completed","status":"200 OK","latency_ms":"64","target":"ogonek_server::api::routes","span":{"method":"GET","request_id":"a082fa49-9eba-47a5-9786-686e56fd8e82","uri":"/api/v1/state/context","name":"http_request"}}
{"timestamp":"2025-11-17T22:04:57.137075158Z","level":"DEBUG","message":"started processing request","target":"tower_http::trace::on_request","span":{"method":"GET","request_id":"3d4db700-ef1e-44c8-998f-ee012b03a9fb","uri":"/api/v1/state/badges","name":"http_request"}}
{"timestamp":"2025-11-17T22:04:57.169596832Z","level":"INFO","message":"request completed","status":"200 OK","latency_ms":"98","target":"ogonek_server::api::routes","span":{"method":"GET","request_id":"407c3880-6cd5-444f-b110-14618f0fa3cd","uri":"/api/v1/lessons","name":"http_request"}}
{"timestamp":"2025-11-17T22:04:57.196575449Z","level":"INFO","message":"request completed","status":"200 OK","latency_ms":"59","target":"ogonek_server::api::routes","span":{"method":"GET","request_id":"3d4db700-ef1e-44c8-998f-ee012b03a9fb","uri":"/api/v1/state/badges","name":"http_request"}}
{"timestamp":"2025-11-17T22:04:57.857110528Z","level":"DEBUG","message":"started processing request","target":"tower_http::trace::on_request","span":{"method":"GET","request_id":"bc1f5f88-590b-45df-b772-520db211abda","uri":"/api/v1/lessons?sort_by=created_at&sort_order=desc","name":"http_request"}}
{"timestamp":"2025-11-17T22:04:57.859308239Z","level":"INFO","message":"request completed","status":"200 OK","latency_ms":"2","target":"ogonek_server::api::routes","span":{"method":"GET","request_id":"bc1f5f88-590b-45df-b772-520db211abda","uri":"/api/v1/lessons?sort_by=created_at&sort_order=desc","name":"http_request"}}
{"timestamp":"2025-11-17T22:04:59.231693112Z","level":"DEBUG","message":"started processing request","target":"tower_http::trace::on_request","span":{"method":"GET","request_id":"1626b713-5c19-42d3-89ec-8a01d7412cd5","uri":"/api/v1/tasks","name":"http_request"}}
{"timestamp":"2025-11-17T22:04:59.245248208Z","level":"INFO","message":"request completed","status":"200 OK","latency_ms":"13","target":"ogonek_server::api::routes","span":{"method":"GET","request_id":"1626b713-5c19-42d3-89ec-8a01d7412cd5","uri":"/api/v1/tasks","name":"http_request"}}
{"timestamp":"2025-11-17T22:04:59.378285587Z","level":"DEBUG","message":"started processing request","target":"tower_http::trace::on_request","span":{"method":"GET","request_id":"7c96a3a0-91bd-4e12-80dc-e9d3c9253173","uri":"/api/v1/tasks?sort_by=created_at&sort_order=desc","name":"http_request"}}
{"timestamp":"2025-11-17T22:04:59.38178316Z","level":"INFO","message":"request completed","status":"200 OK","latency_ms":"3","target":"ogonek_server::api::routes","span":{"method":"GET","request_id":"7c96a3a0-91bd-4e12-80dc-e9d3c9253173","uri":"/api/v1/tasks?sort_by=created_at&sort_order=desc","name":"http_request"}}
{"timestamp":"2025-11-17T22:04:59.491143489Z","level":"DEBUG","message":"started processing request","target":"tower_http::trace::on_request","span":{"method":"GET","request_id":"12f2fefa-eea0-4f27-8930-81d0f3710667","uri":"/api/v1/lessons","name":"http_request"}}
{"timestamp":"2025-11-17T22:04:59.493348523Z","level":"INFO","message":"request completed","status":"200 OK","latency_ms":"2","target":"ogonek_server::api::routes","span":{"method":"GET","request_id":"12f2fefa-eea0-4f27-8930-81d0f3710667","uri":"/api/v1/lessons","name":"http_request"}}
{"timestamp":"2025-11-17T22:05:00.088801667Z","level":"DEBUG","message":"started processing request","target":"tower_http::trace::on_request","span":{"method":"GET","request_id":"e49f0917-f95f-4cb8-ac64-8a07f8c13dec","uri":"/api/v1/lessons","name":"http_request"}}
{"timestamp":"2025-11-17T22:05:00.092253531Z","level":"INFO","message":"request completed","status":"200 OK","latency_ms":"3","target":"ogonek_server::api::routes","span":{"method":"GET","request_id":"e49f0917-f95f-4cb8-ac64-8a07f8c13dec","uri":"/api/v1/lessons","name":"http_request"}}
{"timestamp":"2025-11-17T22:05:03.910868449Z","level":"DEBUG","message":"started processing request","target":"tower_http::trace::on_request","span":{"method":"GET","request_id":"1c9af604-f19b-44ae-b8d8-9aaabbc624bc","uri":"/api/v1/learn","name":"http_request"}}
{"timestamp":"2025-11-17T22:05:03.913603107Z","level":"DEBUG","message":"started processing request","target":"tower_http::trace::on_request","span":{"method":"GET","request_id":"a5f6b593-5c53-42a8-a079-ebd081fb1a40","uri":"/api/v1/decks","name":"http_request"}}
{"timestamp":"2025-11-17T22:05:04.039747269Z","level":"INFO","message":"request completed","status":"200 OK","latency_ms":"128","target":"ogonek_server::api::routes","span":{"method":"GET","request_id":"1c9af604-f19b-44ae-b8d8-9aaabbc624bc","uri":"/api/v1/learn","name":"http_request"}}
{"timestamp":"2025-11-17T22:05:04.070173259Z","level":"INFO","message":"request completed","status":"200 OK","latency_ms":"156","target":"ogonek_server::api::routes","span":{"method":"GET","request_id":"a5f6b593-5c53-42a8-a079-ebd081fb1a40","uri":"/api/v1/decks","name":"http_request"}}
{"timestamp":"2025-11-17T22:05:04.847477358Z","level":"DEBUG","message":"started processing request","target":"tower_http::trace::on_request","span":{"method":"GET","request_id":"69b848e5-4271-45f0-99ba-ee8a41da668c","uri":"/api/v1/state/context","name":"http_request"}}
{"timestamp":"2025-11-17T22:05:04.848495476Z","level":"DEBUG","message":"started processing request","target":"tower_http::trace::on_request","span":{"method":"GET","request_id":"0148afed-8cee-4032-8977-ba74e534cf9c","uri":"/api/v1/learn","name":"http_request"}}
{"timestamp":"2025-11-17T22:05:04.852500978Z","level":"DEBUG","message":"started processing request","target":"tower_http::trace::on_request","span":{"method":"GET","request_id":"50b71f9c-2109-4f2a-89b8-ffeb06dd7f3a","uri":"/api/v1/decks","name":"http_request"}}
{"timestamp":"2025-11-17T22:05:04.852803525Z","level":"INFO","message":"request completed","status":"200 OK","latency_ms":"4","target":"ogonek_server::api::routes","span":{"method":"GET","request_id":"0148afed-8cee-4032-8977-ba74e534cf9c","uri":"/api/v1/learn","name":"http_request"}}
{"timestamp":"2025-11-17T22:05:04.856978033Z","level":"INFO","message":"request completed","status":"200 OK","latency_ms":"9","target":"ogonek_server::api::routes","span":{"method":"GET","request_id":"69b848e5-4271-45f0-99ba-ee8a41da668c","uri":"/api/v1/state/context","name":"http_request"}}
{"timestamp":"2025-11-17T22:05:04.858089228Z","level":"INFO","message":"request completed","status":"200 OK","latency_ms":"5","target":"ogonek_server::api::routes","span":{"method":"GET","request_id":"50b71f9c-2109-4f2a-89b8-ffeb06dd7f3a","uri":"/api/v1/decks","name":"http_request"}}
{"timestamp":"2025-11-17T22:05:04.858909457Z","level":"DEBUG","message":"started processing request","target":"tower_http::trace::on_request","span":{"method":"GET","request_id":"f25ad878-ca76-4cfa-a42c-3ebecaea9e4e","uri":"/api/v1/state/badges","name":"http_request"}}
{"timestamp":"2025-11-17T22:05:04.861285053Z","level":"INFO","message":"request completed","status":"200 OK","latency_ms":"2","target":"ogonek_server::api::routes","span":{"method":"GET","request_id":"f25ad878-ca76-4cfa-a42c-3ebecaea9e4e","uri":"/api/v1/state/badges","name":"http_request"}}
{"timestamp":"2025-11-17T22:05:05.894458089Z","level":"DEBUG","message":"started processing request","target":"tower_http::trace::on_request","span":{"method":"GET","request_id":"54d39aed-312e-44c6-b3d8-0b9a9663959c","uri":"/api/v1/decks?sort_by=created_at&sort_order=desc","name":"http_request"}}
{"timestamp":"2025-11-17T22:05:05.897536523Z","level":"INFO","message":"request completed","status":"200 OK","latency_ms":"3","target":"ogonek_server::api::routes","span":{"method":"GET","request_id":"54d39aed-312e-44c6-b3d8-0b9a9663959c","uri":"/api/v1/decks?sort_by=created_at&sort_order=desc","name":"http_request"}}
{"timestamp":"2025-11-17T22:06:14.208378889Z","level":"DEBUG","message":"started processing request","target":"tower_http::trace::on_request","span":{"method":"GET","request_id":"99313c19-5b8f-496f-9532-0cfa1852ee5c","uri":"/api/v1/state/context","name":"http_request"}}
{"timestamp":"2025-11-17T22:06:14.209378006Z","level":"DEBUG","message":"started processing request","target":"tower_http::trace::on_request","span":{"method":"GET","request_id":"b1488c60-af3b-4787-a7cf-817dcf2c7173","uri":"/api/v1/decks?sort_by=created_at&sort_order=desc","name":"http_request"}}
{"timestamp":"2025-11-17T22:06:14.209811667Z","level":"DEBUG","message":"started processing request","target":"tower_http::trace::on_request","span":{"method":"GET","request_id":"e217ec28-6292-4dcf-b70c-08060010aac8","uri":"/api/v1/learn","name":"http_request"}}
{"timestamp":"2025-11-17T22:06:14.239463875Z","level":"INFO","message":"request completed","status":"200 OK","latency_ms":"29","target":"ogonek_server::api::routes","span":{"method":"GET","request_id":"e217ec28-6292-4dcf-b70c-08060010aac8","uri":"/api/v1/learn","name":"http_request"}}
{"timestamp":"2025-11-17T22:06:14.253940641Z","level":"INFO","message":"request completed","status":"200 OK","latency_ms":"44","target":"ogonek_server::api::routes","span":{"method":"GET","request_id":"b1488c60-af3b-4787-a7cf-817dcf2c7173","uri":"/api/v1/decks?sort_by=created_at&sort_order=desc","name":"http_request"}}
{"timestamp":"2025-11-17T22:06:14.259271539Z","level":"INFO","message":"request completed","status":"200 OK","latency_ms":"50","target":"ogonek_server::api::routes","span":{"method":"GET","request_id":"99313c19-5b8f-496f-9532-0cfa1852ee5c","uri":"/api/v1/state/context","name":"http_request"}}
{"timestamp":"2025-11-17T22:06:14.261032194Z","level":"DEBUG","message":"started processing request","target":"tower_http::trace::on_request","span":{"method":"GET","request_id":"d36276a9-a61e-4865-a80b-a9501d9f3adb","uri":"/api/v1/state/badges","name":"http_request"}}
{"timestamp":"2025-11-17T22:06:14.26377106Z","level":"INFO","message":"request completed","status":"200 OK","latency_ms":"2","target":"ogonek_server::api::routes","span":{"method":"GET","request_id":"d36276a9-a61e-4865-a80b-a9501d9f3adb","uri":"/api/v1/state/badges","name":"http_request"}}
